run_id=sprint-final-restore
raw_records=14
cleaned_records=8
quarantine_records=6
cleaned_csv=artifacts\cleaned\cleaned_sprint-final-restore.csv
quarantine_csv=artifacts\quarantine\quarantine_sprint-final-restore.csv
expectation[min_one_row] OK (halt) :: cleaned_rows=8
expectation[no_empty_doc_id] OK (halt) :: empty_doc_id_count=0
expectation[refund_no_stale_14d_window] OK (halt) :: violations=0
expectation[chunk_min_length_8] OK (warn) :: short_chunks=0
expectation[effective_date_iso_yyyy_mm_dd] OK (halt) :: non_iso_rows=0
expectation[hr_leave_no_stale_10d_annual] OK (halt) :: violations=0
expectation[unique_chunk_ids] OK (halt) :: duplicate_chunk_ids=0 examples=[]
expectation[effective_date_not_before_2000] OK (warn) :: pre_2000_rows=0
embed_prune_removed=1
embed_upsert count=8 collection=day10_kb
manifest_written=artifacts\manifests\manifest_sprint-final-restore.json
freshness_check=FAIL {"latest_exported_at": "2026-04-10T08:00:00", "age_hours": 121.351, "sla_hours": 24.0, "reason": "freshness_sla_exceeded"}
PIPELINE_OK
run_id=sprint-final-restore
raw_records=14
cleaned_records=8
quarantine_records=6
cleaned_csv=artifacts\cleaned\cleaned_sprint-final-restore.csv
quarantine_csv=artifacts\quarantine\quarantine_sprint-final-restore.csv
expectation[min_one_row] OK (halt) :: cleaned_rows=8
expectation[no_empty_doc_id] OK (halt) :: empty_doc_id_count=0
expectation[refund_no_stale_14d_window] OK (halt) :: violations=0
expectation[chunk_min_length_8] OK (warn) :: short_chunks=0
expectation[effective_date_iso_yyyy_mm_dd] OK (halt) :: non_iso_rows=0
expectation[hr_leave_no_stale_10d_annual] OK (halt) :: violations=0
expectation[unique_chunk_ids] OK (halt) :: duplicate_chunk_ids=0 examples=[]
expectation[effective_date_not_before_2000] OK (warn) :: pre_2000_rows=0
embed_prune_removed=1
embed_upsert count=8 collection=day10_kb
manifest_written=artifacts\manifests\manifest_sprint-final-restore.json
freshness_check=FAIL {"latest_exported_at": "2026-04-10T08:00:00", "age_hours": 122.142, "sla_hours": 24.0, "reason": "freshness_sla_exceeded"}
PIPELINE_OK
